[INFO] Scanning for projects...
[ERROR] [ERROR] Some problems were encountered while processing the POMs:
[ERROR] Child module C:\Users\nrupa\simplicity\simplicity-core of C:\Users\nrupa\simplicity\pom.xml does not exist @ 
[ERROR] Child module C:\Users\nrupa\simplicity\simplicity-rag of C:\Users\nrupa\simplicity\pom.xml does not exist @ 
[ERROR] Child module C:\Users\nrupa\simplicity\simplicity-knowledge-graph of C:\Users\nrupa\simplicity\pom.xml does not exist @ 
[ERROR] Child module C:\Users\nrupa\simplicity\simplicity-model-registry of C:\Users\nrupa\simplicity\pom.xml does not exist @ 
[ERROR] Child module C:\Users\nrupa\simplicity\simplicity-intelligence of C:\Users\nrupa\simplicity\pom.xml does not exist @ 
[ERROR] Child module C:\Users\nrupa\simplicity\simplicity-sovereignty of C:\Users\nrupa\simplicity\pom.xml does not exist @ 
[ERROR] Child module C:\Users\nrupa\simplicity\simplicity-model-binder of C:\Users\nrupa\simplicity\pom.xml does not exist @ 
[ERROR] Child module C:\Users\nrupa\simplicity\simplicity-api of C:\Users\nrupa\simplicity\pom.xml does not exist @ 
 @ 
[ERROR] The build could not read 1 project -> [Help 1]
[ERROR]   
[ERROR]   The project com.simplicity:simplicity-parent:1.0.0 (C:\Users\nrupa\simplicity\pom.xml) has 8 errors
[ERROR]     Child module C:\Users\nrupa\simplicity\simplicity-core of C:\Users\nrupa\simplicity\pom.xml does not exist
[ERROR]     Child module C:\Users\nrupa\simplicity\simplicity-rag of C:\Users\nrupa\simplicity\pom.xml does not exist
[ERROR]     Child module C:\Users\nrupa\simplicity\simplicity-knowledge-graph of C:\Users\nrupa\simplicity\pom.xml does not exist
[ERROR]     Child module C:\Users\nrupa\simplicity\simplicity-model-registry of C:\Users\nrupa\simplicity\pom.xml does not exist
[ERROR]     Child module C:\Users\nrupa\simplicity\simplicity-intelligence of C:\Users\nrupa\simplicity\pom.xml does not exist
[ERROR]     Child module C:\Users\nrupa\simplicity\simplicity-sovereignty of C:\Users\nrupa\simplicity\pom.xml does not exist
[ERROR]     Child module C:\Users\nrupa\simplicity\simplicity-model-binder of C:\Users\nrupa\simplicity\pom.xml does not exist
[ERROR]     Child module C:\Users\nrupa\simplicity\simplicity-api of C:\Users\nrupa\simplicity\pom.xml does not exist
[ERROR] 
[ERROR] To see the full stack trace of the errors, re-run Maven with the -e switch.
[ERROR] Re-run Maven using the -X switch to enable full debug logging.
[ERROR] 
[ERROR] For more information about the errors and possible solutions, please read the following articles:
[ERROR] [Help 1] http://cwiki.apache.org/confluence/display/MAVEN/ProjectBuildingException
